[2026-01-10 09:02:06] [INFO] [src.file_service.metadata_loader] 成功加载元数据：data\temp\EC_GOODS_PHONE_20260109_0001.metadata.json
[2026-01-10 09:07:06] [INFO] [src.file_service.metadata_loader] 成功加载元数据：data\temp\EC_GOODS_PHONE_20260109_0001.metadata.json
[2026-01-10 09:14:38] [WARNING] [src.file_service.metadata_loader] 未找到元数据文件：oss://letwx/ai_network_data/EC_GOODS_PHONE_20260109_0001.json
[2026-01-10 09:15:52] [INFO] [src.file_service.metadata_loader] 成功加载元数据：oss://letwx/ai_network_data/EC_GOODS_PHONE_20260109_0001.metadata.json
[2026-01-10 09:16:22] [INFO] [src.file_service.metadata_loader] 成功加载元数据：oss://letwx/ai_network_data/EC_GOODS_PHONE_20260109_0001.metadata.json
[2026-01-10 09:18:06] [INFO] [src.file_service.metadata_loader] 成功加载元数据：oss://letwx/ai_network_data/EC_GOODS_PHONE_20260109_0001.metadata.json
[2026-01-10 09:25:04] [INFO] [src.file_service.metadata_loader] 成功加载元数据：oss://letwx/ai_network_data/EC_GOODS_PHONE_20260109_0001.metadata.json
[2026-01-10 09:26:44] [INFO] [src.file_service.metadata_loader] 成功加载元数据：oss://letwx/ai_network_data/EC_GOODS_PHONE_20260109_0001.metadata.json
[2026-01-10 09:28:27] [INFO] [src.file_service.metadata_loader] 成功加载元数据：oss://letwx/ai_network_data/EC_GOODS_PHONE_20260109_0001.metadata.json
[2026-01-10 09:28:54] [INFO] [src.file_service.metadata_loader] 成功加载元数据：oss://letwx/ai_network_data/EC_GOODS_PHONE_20260109_0001.metadata.json
[2026-01-10 09:29:35] [INFO] [src.file_service.metadata_loader] 成功加载元数据：oss://letwx/ai_network_data/EC_GOODS_PHONE_20260109_0001.metadata.json
[2026-01-10 09:33:47] [INFO] [src.file_service.metadata_loader] 成功加载元数据：oss://letwx/ai_network_data/EC_GOODS_PHONE_20260109_0001.metadata.json
[2026-01-10 09:34:14] [INFO] [src.file_service.metadata_loader] 成功加载元数据：oss://letwx/ai_network_data/EC_GOODS_PHONE_20260109_0001.metadata.json
[2026-01-11 13:20:01] [INFO] [src.file_service.metadata_loader] 成功加载元数据：data/temp/EC_GOODS_PHONE_20260109_0001.metadata.json
[2026-01-11 13:20:21] [INFO] [src.file_service.metadata_loader] 成功加载元数据：data/temp/EC_GOODS_PHONE_20260109_0001.metadata.json
[2026-01-11 13:20:37] [INFO] [src.file_service.metadata_loader] 成功加载元数据：data/temp/EC_GOODS_PHONE_20260109_0001.metadata.json
[2026-01-11 13:21:00] [INFO] [src.file_service.metadata_loader] 成功加载元数据：data/temp/EC_GOODS_PHONE_20260109_0001.metadata.json
[2026-01-12 09:03:15] [INFO] [src.file_service.metadata_loader] 成功加载元数据：data/temp/EC_GOODS_PHONE_20260109_0001.metadata.json
[2026-01-12 09:08:08] [INFO] [src.file_service.metadata_loader] 成功加载元数据：data/temp/EC_GOODS_PHONE_20260109_0001.metadata.json
[2026-01-12 09:08:57] [INFO] [src.file_service.metadata_loader] 成功加载元数据：data/temp/EC_GOODS_PHONE_20260109_0001.metadata.json
[2026-01-12 09:09:24] [INFO] [src.file_service.metadata_loader] 成功加载元数据：data/temp/EC_GOODS_PHONE_20260109_0001.metadata.json
[2026-01-12 09:09:41] [INFO] [src.file_service.metadata_loader] 成功加载元数据：data/temp/EC_GOODS_PHONE_20260109_0001.metadata.json
[2026-01-12 09:23:02] [INFO] [src.file_service.metadata_loader] 成功加载元数据：data/temp/EC_GOODS_PHONE_20260109_0001.metadata.json
[2026-01-12 09:48:52] [ERROR] [src.file_service.metadata_loader] 元数据缺失必需字段：{'file_size_mb', 'data_carrier_type', 'data_structure_type'}
[2026-01-12 09:48:52] [ERROR] [src.file_service.metadata_loader] 元数据缺失必需字段：{'file_size_mb', 'data_carrier_type', 'data_structure_type'}
[2026-01-12 09:49:07] [ERROR] [src.file_service.metadata_loader] 数据结构类型无效：structured，必须是{'半结构化', '结构化', '非结构化'}
[2026-01-12 09:49:08] [ERROR] [src.file_service.metadata_loader] 数据结构类型无效：structured，必须是{'半结构化', '结构化', '非结构化'}
[2026-01-12 09:49:19] [ERROR] [src.file_service.metadata_loader] 数据载体类型无效：file，必须是{'CSV', 'PDF', 'TXT', 'JSON', 'HTML', 'XML'}
[2026-01-12 09:49:20] [ERROR] [src.file_service.metadata_loader] 数据载体类型无效：file，必须是{'CSV', 'PDF', 'TXT', 'JSON', 'HTML', 'XML'}
[2026-01-12 09:49:31] [INFO] [src.file_service.metadata_loader] 成功加载元数据：data/temp/test_pass1.metadata.json
[2026-01-12 09:49:45] [INFO] [src.file_service.metadata_loader] 成功加载元数据：data/temp/test_pass1.metadata.json
[2026-01-12 09:49:46] [INFO] [src.file_service.metadata_loader] 成功加载元数据：data/temp/test_pass2.metadata.json
[2026-01-12 10:03:23] [INFO] [src.file_service.metadata_loader] 成功加载元数据：oss://letwx/ai_network_data/EC_GOODS_PHONE_20260109_0001.metadata.json
[2026-01-12 17:06:29] [INFO] [src.file_service.metadata_loader] 成功加载元数据：e:\workSpace\idea\PythonDataClean\data\temp\CUSTOMER_DIALOG_SIM_20260112_0001.json.metadata.json
[2026-01-12 17:14:42] [INFO] [src.file_service.metadata_loader] 成功加载元数据：oss://bucket/CUSTOMER_DIALOG_SIM_20260112_0001.metadata.json
[2026-01-12 17:14:43] [INFO] [src.file_service.metadata_loader] 成功加载元数据：oss://bucket/CUSTOMER_DIALOG_TEST.metadata.json
[2026-01-12 17:17:34] [INFO] [src.file_service.metadata_loader] 成功加载元数据：oss://bucket/CUSTOMER_DIALOG_SIM_20260112_0001.metadata.json
[2026-01-12 17:17:40] [INFO] [src.file_service.metadata_loader] 成功加载元数据：oss://bucket/CUSTOMER_DIALOG_TEST.metadata.json
[2026-01-12 17:18:29] [INFO] [src.file_service.metadata_loader] 成功加载元数据：oss://bucket/CUSTOMER_DIALOG_SIM_20260112_0001.metadata.json
[2026-01-12 17:18:35] [INFO] [src.file_service.metadata_loader] 成功加载元数据：oss://bucket/CUSTOMER_DIALOG_TEST.metadata.json
[2026-01-12 17:25:08] [INFO] [src.file_service.metadata_loader] 成功加载元数据：oss://letwx/ai_network_data/CUSTOMER_DIALOG_SIM_20260112_0001.metadata.json
[2026-01-12 17:25:18] [INFO] [src.file_service.metadata_loader] 成功加载元数据：oss://letwx/ai_network_data/CUSTOMER_DIALOG_TEST.metadata.json
[2026-01-12 17:35:51] [INFO] [src.file_service.metadata_loader] 成功加载元数据：oss://letwx/ai_network_data/CUSTOMER_DIALOG_SIM_20260112_0001.metadata.json
[2026-01-12 17:36:01] [INFO] [src.file_service.metadata_loader] 成功加载元数据：oss://letwx/ai_network_data/CUSTOMER_DIALOG_TEST.metadata.json
[2026-01-12 17:36:28] [INFO] [src.file_service.metadata_loader] 成功加载元数据：oss://letwx/ai_network_data/CUSTOMER_DIALOG_SIM_20260112_0001.metadata.json
[2026-01-12 17:36:39] [INFO] [src.file_service.metadata_loader] 成功加载元数据：oss://letwx/ai_network_data/CUSTOMER_DIALOG_TEST.metadata.json
[2026-01-12 17:37:08] [INFO] [src.file_service.metadata_loader] 成功加载元数据：oss://letwx/ai_network_data/CUSTOMER_DIALOG_SIM_20260112_0001.metadata.json
[2026-01-12 17:37:18] [INFO] [src.file_service.metadata_loader] 成功加载元数据：oss://letwx/ai_network_data/CUSTOMER_DIALOG_TEST.metadata.json
[2026-01-12 17:49:40] [INFO] [src.file_service.metadata_loader] 成功加载元数据：oss://letwx/ai_network_data/CUSTOMER_DIALOG_SIM_20260112_0001.metadata.json
[2026-01-12 17:49:49] [INFO] [src.file_service.metadata_loader] 成功加载元数据：oss://letwx/ai_network_data/CUSTOMER_DIALOG_TEST.metadata.json
[2026-01-12 17:56:10] [INFO] [src.file_service.metadata_loader] 成功加载元数据：oss://letwx/ai_network_data/CUSTOMER_DIALOG_SIM_20260112_0001.metadata.json
[2026-01-12 17:56:19] [INFO] [src.file_service.metadata_loader] 成功加载元数据：oss://letwx/ai_network_data/CUSTOMER_DIALOG_SIM_20260112_0001.metadata.json
[2026-01-12 17:56:22] [INFO] [src.file_service.metadata_loader] 成功加载元数据：oss://letwx/ai_network_data/CUSTOMER_DIALOG_TEST.metadata.json
[2026-01-12 17:56:56] [INFO] [src.file_service.metadata_loader] 成功加载元数据：oss://letwx/ai_network_data/CUSTOMER_DIALOG_SIM_20260112_0001.metadata.json
[2026-01-12 17:57:00] [INFO] [src.file_service.metadata_loader] 成功加载元数据：oss://letwx/ai_network_data/CUSTOMER_DIALOG_TEST.metadata.json
[2026-01-12 17:57:18] [INFO] [src.file_service.metadata_loader] 成功加载元数据：oss://letwx/ai_network_data/CUSTOMER_DIALOG_SIM_20260112_0001.metadata.json
[2026-01-12 17:57:29] [INFO] [src.file_service.metadata_loader] 成功加载元数据：oss://letwx/ai_network_data/CUSTOMER_DIALOG_TEST.metadata.json
