[2026-01-10 09:02:06] [INFO] [src.orchestrator.orchestrator] 开始清洗流程：data/temp/EC_GOODS_PHONE_20260109_0001.json
[2026-01-10 09:02:06] [INFO] [src.orchestrator.orchestrator] 第1步：获取数据文件...
[2026-01-10 09:02:06] [INFO] [src.orchestrator.orchestrator] 成功读取30条记录
[2026-01-10 09:02:06] [INFO] [src.orchestrator.orchestrator] 第2步：加载和验证元数据...
[2026-01-10 09:02:06] [INFO] [src.orchestrator.orchestrator] 业务类型：EC_GOODS_PHONE
[2026-01-10 09:02:06] [INFO] [src.orchestrator.orchestrator] 第3步：执行业务清洗...
[2026-01-10 09:02:06] [ERROR] [src.orchestrator.orchestrator] 清洗流程异常：ECGoodsPhoneCleaner.clean() got an unexpected keyword argument 'enable_llm'
Traceback (most recent call last):
  File "E:\workSpace\idea\PythonDataClean\src\orchestrator\orchestrator.py", line 150, in process_cleaning_task
    cleaning_result = cleaner.clean(records, enable_llm=enable_llm)
TypeError: ECGoodsPhoneCleaner.clean() got an unexpected keyword argument 'enable_llm'
[2026-01-10 09:07:06] [INFO] [src.orchestrator.orchestrator] 开始清洗流程：data/temp/EC_GOODS_PHONE_20260109_0001.json
[2026-01-10 09:07:06] [INFO] [src.orchestrator.orchestrator] 第1步：获取数据文件...
[2026-01-10 09:07:06] [INFO] [src.orchestrator.orchestrator] 成功读取30条记录
[2026-01-10 09:07:06] [INFO] [src.orchestrator.orchestrator] 第2步：加载和验证元数据...
[2026-01-10 09:07:06] [INFO] [src.orchestrator.orchestrator] 业务类型：EC_GOODS_PHONE
[2026-01-10 09:07:06] [INFO] [src.orchestrator.orchestrator] 第3步：执行业务清洗...
[2026-01-10 09:07:06] [INFO] [src.orchestrator.orchestrator] 清洗完成：29条记录
[2026-01-10 09:07:06] [INFO] [src.orchestrator.orchestrator] 第4步：入库...
[2026-01-10 09:07:06] [ERROR] [src.orchestrator.orchestrator] 清洗流程异常：数据库连接失败：'DatabaseCredentials' object has no attribute 'get_type'
Traceback (most recent call last):
  File "E:\workSpace\idea\PythonDataClean\src\db_service\db_manager.py", line 71, in _init_engine
    db_type = credentials.get_type()
              ^^^^^^^^^^^^^^^^^^^^
AttributeError: 'DatabaseCredentials' object has no attribute 'get_type'

During handling of the above exception, another exception occurred:

Traceback (most recent call last):
  File "E:\workSpace\idea\PythonDataClean\src\orchestrator\orchestrator.py", line 163, in process_cleaning_task
    db_manager = DatabaseManager()
  File "E:\workSpace\idea\PythonDataClean\src\db_service\db_manager.py", line 59, in __init__
    self._init_engine()
    ~~~~~~~~~~~~~~~~~^^
  File "E:\workSpace\idea\PythonDataClean\src\db_service\db_manager.py", line 99, in _init_engine
    raise RuntimeError(f"数据库连接失败：{e}")
RuntimeError: 数据库连接失败：'DatabaseCredentials' object has no attribute 'get_type'
[2026-01-10 09:14:35] [INFO] [src.orchestrator.orchestrator] 开始清洗流程：oss://letwx/ai_network_data/EC_GOODS_PHONE_20260109_0001.json
[2026-01-10 09:14:35] [INFO] [src.orchestrator.orchestrator] 第1步：获取数据文件...
[2026-01-10 09:14:37] [INFO] [src.orchestrator.orchestrator] 成功读取30条记录
[2026-01-10 09:14:37] [INFO] [src.orchestrator.orchestrator] 第2步：加载和验证元数据...
[2026-01-10 09:15:46] [INFO] [src.orchestrator.orchestrator] 开始清洗流程：oss://letwx/ai_network_data/EC_GOODS_PHONE_20260109_0001.json
[2026-01-10 09:15:46] [INFO] [src.orchestrator.orchestrator] 第1步：获取数据文件...
[2026-01-10 09:15:48] [INFO] [src.orchestrator.orchestrator] 成功读取30条记录
[2026-01-10 09:15:48] [INFO] [src.orchestrator.orchestrator] 第2步：加载和验证元数据...
[2026-01-10 09:15:52] [INFO] [src.orchestrator.orchestrator] 业务类型：EC_GOODS_PHONE
[2026-01-10 09:15:52] [INFO] [src.orchestrator.orchestrator] 第3步：执行业务清洗...
[2026-01-10 09:15:52] [INFO] [src.orchestrator.orchestrator] 清洗完成：29条记录
[2026-01-10 09:15:52] [INFO] [src.orchestrator.orchestrator] 第4步：入库...
[2026-01-10 09:15:52] [ERROR] [src.orchestrator.orchestrator] 清洗流程异常：数据库连接失败：No module named 'pymysql'
Traceback (most recent call last):
  File "E:\workSpace\idea\PythonDataClean\src\db_service\db_manager.py", line 78, in _init_engine
    cls._engine = create_engine(
                  ~~~~~~~~~~~~~^
        connection_string,
        ^^^^^^^^^^^^^^^^^^
    ...<4 lines>...
        echo=False
        ^^^^^^^^^^
    )
    ^
  File "<string>", line 2, in create_engine
  File "E:\ProgramFiles(86)\Python\Lib\site-packages\sqlalchemy\util\deprecations.py", line 281, in warned
    return fn(*args, **kwargs)  # type: ignore[no-any-return]
  File "E:\ProgramFiles(86)\Python\Lib\site-packages\sqlalchemy\engine\create.py", line 617, in create_engine
    dbapi = dbapi_meth(**dbapi_args)
  File "E:\ProgramFiles(86)\Python\Lib\site-packages\sqlalchemy\dialects\mysql\pymysql.py", line 89, in import_dbapi
    return __import__("pymysql")
ModuleNotFoundError: No module named 'pymysql'

During handling of the above exception, another exception occurred:

Traceback (most recent call last):
  File "E:\workSpace\idea\PythonDataClean\src\orchestrator\orchestrator.py", line 163, in process_cleaning_task
    db_manager = DatabaseManager()
  File "E:\workSpace\idea\PythonDataClean\src\db_service\db_manager.py", line 59, in __init__
    self._init_engine()
    ~~~~~~~~~~~~~~~~~^^
  File "E:\workSpace\idea\PythonDataClean\src\db_service\db_manager.py", line 99, in _init_engine
    raise RuntimeError(f"数据库连接失败：{e}")
RuntimeError: 数据库连接失败：No module named 'pymysql'
[2026-01-10 09:16:16] [INFO] [src.orchestrator.orchestrator] 开始清洗流程：oss://letwx/ai_network_data/EC_GOODS_PHONE_20260109_0001.json
[2026-01-10 09:16:16] [INFO] [src.orchestrator.orchestrator] 第1步：获取数据文件...
[2026-01-10 09:16:18] [INFO] [src.orchestrator.orchestrator] 成功读取30条记录
[2026-01-10 09:16:18] [INFO] [src.orchestrator.orchestrator] 第2步：加载和验证元数据...
[2026-01-10 09:16:22] [INFO] [src.orchestrator.orchestrator] 业务类型：EC_GOODS_PHONE
[2026-01-10 09:16:22] [INFO] [src.orchestrator.orchestrator] 第3步：执行业务清洗...
[2026-01-10 09:16:22] [INFO] [src.orchestrator.orchestrator] 清洗完成：29条记录
[2026-01-10 09:16:22] [INFO] [src.orchestrator.orchestrator] 第4步：入库...
[2026-01-10 09:16:24] [WARNING] [src.orchestrator.orchestrator] 数据入库失败：失败29条
[2026-01-10 09:16:24] [INFO] [src.orchestrator.orchestrator] 第5步：生成响应...
[2026-01-10 09:16:24] [INFO] [src.orchestrator.orchestrator] 清洗流程完成：task_id=20260110091616
[2026-01-10 09:18:00] [INFO] [src.orchestrator.orchestrator] 开始清洗流程：oss://letwx/ai_network_data/EC_GOODS_PHONE_20260109_0001.json
[2026-01-10 09:18:00] [INFO] [src.orchestrator.orchestrator] 第1步：获取数据文件...
[2026-01-10 09:18:02] [INFO] [src.orchestrator.orchestrator] 成功读取30条记录
[2026-01-10 09:18:02] [INFO] [src.orchestrator.orchestrator] 第2步：加载和验证元数据...
[2026-01-10 09:18:06] [INFO] [src.orchestrator.orchestrator] 业务类型：EC_GOODS_PHONE
[2026-01-10 09:18:06] [INFO] [src.orchestrator.orchestrator] 第3步：执行业务清洗...
[2026-01-10 09:18:06] [INFO] [src.orchestrator.orchestrator] 清洗完成：29条记录
[2026-01-10 09:18:06] [INFO] [src.orchestrator.orchestrator] 第4步：入库...
[2026-01-10 09:18:07] [WARNING] [src.orchestrator.orchestrator] 数据入库失败：失败1条
[2026-01-10 09:18:07] [INFO] [src.orchestrator.orchestrator] 第5步：生成响应...
[2026-01-10 09:18:07] [INFO] [src.orchestrator.orchestrator] 清洗流程完成：task_id=20260110091800
[2026-01-10 09:24:58] [INFO] [src.orchestrator.orchestrator] 开始清洗流程：oss://letwx/ai_network_data/EC_GOODS_PHONE_20260109_0001.json
[2026-01-10 09:24:58] [INFO] [src.orchestrator.orchestrator] 第1步：获取数据文件...
[2026-01-10 09:25:00] [INFO] [src.orchestrator.orchestrator] 成功读取30条记录
[2026-01-10 09:25:00] [INFO] [src.orchestrator.orchestrator] 第2步：加载和验证元数据...
[2026-01-10 09:25:04] [INFO] [src.orchestrator.orchestrator] 业务类型：EC_GOODS_PHONE
[2026-01-10 09:25:04] [INFO] [src.orchestrator.orchestrator] 第3步：执行业务清洗...
[2026-01-10 09:25:04] [INFO] [src.orchestrator.orchestrator] 清洗完成：29条记录
[2026-01-10 09:25:04] [INFO] [src.orchestrator.orchestrator] 第4步：入库...
[2026-01-10 09:25:06] [WARNING] [src.orchestrator.orchestrator] 数据入库失败：失败29条
[2026-01-10 09:25:06] [INFO] [src.orchestrator.orchestrator] 第5步：生成响应...
[2026-01-10 09:25:06] [INFO] [src.orchestrator.orchestrator] 清洗流程完成：task_id=20260110092458
[2026-01-10 09:26:38] [INFO] [src.orchestrator.orchestrator] 开始清洗流程：oss://letwx/ai_network_data/EC_GOODS_PHONE_20260109_0001.json
[2026-01-10 09:26:38] [INFO] [src.orchestrator.orchestrator] 第1步：获取数据文件...
[2026-01-10 09:26:40] [INFO] [src.orchestrator.orchestrator] 成功读取30条记录
[2026-01-10 09:26:40] [INFO] [src.orchestrator.orchestrator] 第2步：加载和验证元数据...
[2026-01-10 09:26:44] [INFO] [src.orchestrator.orchestrator] 业务类型：EC_GOODS_PHONE
[2026-01-10 09:26:44] [INFO] [src.orchestrator.orchestrator] 第3步：执行业务清洗...
[2026-01-10 09:26:44] [INFO] [src.orchestrator.orchestrator] 清洗完成：29条记录
[2026-01-10 09:26:44] [INFO] [src.orchestrator.orchestrator] 第4步：入库...
[2026-01-10 09:28:48] [INFO] [src.orchestrator.orchestrator] 开始清洗流程：oss://letwx/ai_network_data/EC_GOODS_PHONE_20260109_0001.json
[2026-01-10 09:28:48] [INFO] [src.orchestrator.orchestrator] 第1步：获取数据文件...
[2026-01-10 09:28:50] [INFO] [src.orchestrator.orchestrator] 成功读取30条记录
[2026-01-10 09:28:50] [INFO] [src.orchestrator.orchestrator] 第2步：加载和验证元数据...
[2026-01-10 09:28:54] [INFO] [src.orchestrator.orchestrator] 业务类型：EC_GOODS_PHONE
[2026-01-10 09:28:54] [INFO] [src.orchestrator.orchestrator] 第3步：执行业务清洗...
[2026-01-10 09:28:54] [INFO] [src.orchestrator.orchestrator] 清洗完成：26条记录
[2026-01-10 09:28:54] [INFO] [src.orchestrator.orchestrator] 第4步：入库...
[2026-01-10 09:28:55] [WARNING] [src.orchestrator.orchestrator] 数据入库失败：失败26条
[2026-01-10 09:28:55] [INFO] [src.orchestrator.orchestrator] 第5步：生成响应...
[2026-01-10 09:28:55] [INFO] [src.orchestrator.orchestrator] 清洗流程完成：task_id=20260110092848
[2026-01-10 09:29:29] [INFO] [src.orchestrator.orchestrator] 开始清洗流程：oss://letwx/ai_network_data/EC_GOODS_PHONE_20260109_0001.json
[2026-01-10 09:29:29] [INFO] [src.orchestrator.orchestrator] 第1步：获取数据文件...
[2026-01-10 09:29:31] [INFO] [src.orchestrator.orchestrator] 成功读取30条记录
[2026-01-10 09:29:31] [INFO] [src.orchestrator.orchestrator] 第2步：加载和验证元数据...
[2026-01-10 09:29:35] [INFO] [src.orchestrator.orchestrator] 业务类型：EC_GOODS_PHONE
[2026-01-10 09:29:35] [INFO] [src.orchestrator.orchestrator] 第3步：执行业务清洗...
[2026-01-10 09:29:35] [INFO] [src.orchestrator.orchestrator] 清洗完成：26条记录
[2026-01-10 09:29:35] [INFO] [src.orchestrator.orchestrator] 第4步：入库...
[2026-01-10 09:29:36] [WARNING] [src.orchestrator.orchestrator] 数据入库失败：失败1条
[2026-01-10 09:29:36] [INFO] [src.orchestrator.orchestrator] 第5步：生成响应...
[2026-01-10 09:29:36] [INFO] [src.orchestrator.orchestrator] 清洗流程完成：task_id=20260110092929
[2026-01-10 09:33:41] [INFO] [src.orchestrator.orchestrator] 开始清洗流程：oss://letwx/ai_network_data/EC_GOODS_PHONE_20260109_0001.json
[2026-01-10 09:33:41] [INFO] [src.orchestrator.orchestrator] 第1步：获取数据文件...
[2026-01-10 09:33:43] [INFO] [src.orchestrator.orchestrator] 成功读取30条记录
[2026-01-10 09:33:43] [INFO] [src.orchestrator.orchestrator] 第2步：加载和验证元数据...
[2026-01-10 09:33:47] [INFO] [src.orchestrator.orchestrator] 业务类型：EC_GOODS_PHONE
[2026-01-10 09:33:47] [INFO] [src.orchestrator.orchestrator] 第3步：执行业务清洗...
[2026-01-10 09:33:47] [INFO] [src.orchestrator.orchestrator] 清洗完成：26条记录
[2026-01-10 09:33:47] [INFO] [src.orchestrator.orchestrator] 第4步：入库...
[2026-01-10 09:33:48] [WARNING] [src.orchestrator.orchestrator] 数据入库失败：失败26条
[2026-01-10 09:33:48] [INFO] [src.orchestrator.orchestrator] 第5步：生成响应...
[2026-01-10 09:33:48] [INFO] [src.orchestrator.orchestrator] 清洗流程完成：task_id=20260110093341
[2026-01-10 09:34:08] [INFO] [src.orchestrator.orchestrator] 开始清洗流程：oss://letwx/ai_network_data/EC_GOODS_PHONE_20260109_0001.json
[2026-01-10 09:34:08] [INFO] [src.orchestrator.orchestrator] 第1步：获取数据文件...
[2026-01-10 09:34:10] [INFO] [src.orchestrator.orchestrator] 成功读取30条记录
[2026-01-10 09:34:10] [INFO] [src.orchestrator.orchestrator] 第2步：加载和验证元数据...
[2026-01-10 09:34:14] [INFO] [src.orchestrator.orchestrator] 业务类型：EC_GOODS_PHONE
[2026-01-10 09:34:14] [INFO] [src.orchestrator.orchestrator] 第3步：执行业务清洗...
[2026-01-10 09:34:14] [INFO] [src.orchestrator.orchestrator] 清洗完成：26条记录
[2026-01-10 09:34:14] [INFO] [src.orchestrator.orchestrator] 第4步：入库...
[2026-01-10 09:34:15] [WARNING] [src.orchestrator.orchestrator] 数据入库失败：失败1条
[2026-01-10 09:34:15] [INFO] [src.orchestrator.orchestrator] 第5步：生成响应...
[2026-01-10 09:34:15] [INFO] [src.orchestrator.orchestrator] 清洗流程完成：task_id=20260110093408
