[2026-01-10 09:02:06] [DEBUG] [src.file_service.file_handler] 文件编码检测：data/temp/EC_GOODS_PHONE_20260109_0001.json，检测编码：utf-8
[2026-01-10 09:02:06] [INFO] [src.file_service.file_handler] 成功加载JSON数组：data/temp/EC_GOODS_PHONE_20260109_0001.json，记录数：30
[2026-01-10 09:02:06] [WARNING] [src.file_service.file_handler] 文件不存在：data/temp/EC_GOODS_PHONE_20260109_0001.json.metadata.json
[2026-01-10 09:02:06] [DEBUG] [src.file_service.file_handler] 文件编码检测：data\temp\EC_GOODS_PHONE_20260109_0001.metadata.json，检测编码：utf-8
[2026-01-10 09:06:14] [WARNING] [src.file_service.file_handler] 文件不存在：/ai_network_data/EC_GOODS_PHONE_20260109_0001.json
[2026-01-10 09:07:01] [WARNING] [src.file_service.file_handler] 文件不存在：/ai_network_data/EC_GOODS_PHONE_20260109_0001.json
[2026-01-10 09:07:06] [DEBUG] [src.file_service.file_handler] 文件编码检测：data/temp/EC_GOODS_PHONE_20260109_0001.json，检测编码：utf-8
[2026-01-10 09:07:06] [INFO] [src.file_service.file_handler] 成功加载JSON数组：data/temp/EC_GOODS_PHONE_20260109_0001.json，记录数：30
[2026-01-10 09:07:06] [WARNING] [src.file_service.file_handler] 文件不存在：data/temp/EC_GOODS_PHONE_20260109_0001.json.metadata.json
[2026-01-10 09:07:06] [DEBUG] [src.file_service.file_handler] 文件编码检测：data\temp\EC_GOODS_PHONE_20260109_0001.metadata.json，检测编码：utf-8
[2026-01-10 09:12:40] [WARNING] [src.file_service.file_handler] OSS文件不存在：oss://letwx/ai_network_data/EC_GOODS_PHONE_20260109_0001.json
[2026-01-10 09:13:49] [WARNING] [src.file_service.file_handler] OSS文件不存在：oss://letwx/ai_network_data/EC_GOODS_PHONE_20260109_0001.json
[2026-01-10 09:14:36] [INFO] [src.file_service.file_handler] 从OSS读取文件：oss://letwx/ai_network_data/EC_GOODS_PHONE_20260109_0001.json
[2026-01-10 09:14:37] [DEBUG] [src.file_service.file_handler] 文件编码检测：C:\Users\Yaoqm\AppData\Local\Temp\EC_GOODS_PHONE_20260109_0001.json，检测编码：utf-8
[2026-01-10 09:14:37] [INFO] [src.file_service.file_handler] 成功加载JSON数组：oss://letwx/ai_network_data/EC_GOODS_PHONE_20260109_0001.json，记录数：30
[2026-01-10 09:14:38] [WARNING] [src.file_service.file_handler] OSS文件不存在：oss://letwx/ai_network_data/EC_GOODS_PHONE_20260109_0001.json.metadata.json
[2026-01-10 09:15:47] [INFO] [src.file_service.file_handler] 从OSS读取文件：oss://letwx/ai_network_data/EC_GOODS_PHONE_20260109_0001.json
[2026-01-10 09:15:48] [DEBUG] [src.file_service.file_handler] 文件编码检测：C:\Users\Yaoqm\AppData\Local\Temp\EC_GOODS_PHONE_20260109_0001.json，检测编码：utf-8
[2026-01-10 09:15:48] [INFO] [src.file_service.file_handler] 成功加载JSON数组：oss://letwx/ai_network_data/EC_GOODS_PHONE_20260109_0001.json，记录数：30
[2026-01-10 09:15:49] [WARNING] [src.file_service.file_handler] OSS文件不存在：oss://letwx/ai_network_data/EC_GOODS_PHONE_20260109_0001.json.metadata.json
[2026-01-10 09:15:51] [INFO] [src.file_service.file_handler] 从OSS读取文件：oss://letwx/ai_network_data/EC_GOODS_PHONE_20260109_0001.metadata.json
[2026-01-10 09:15:52] [DEBUG] [src.file_service.file_handler] 文件编码检测：C:\Users\Yaoqm\AppData\Local\Temp\EC_GOODS_PHONE_20260109_0001.metadata.json，检测编码：utf-8
[2026-01-10 09:16:17] [INFO] [src.file_service.file_handler] 从OSS读取文件：oss://letwx/ai_network_data/EC_GOODS_PHONE_20260109_0001.json
[2026-01-10 09:16:18] [DEBUG] [src.file_service.file_handler] 文件编码检测：C:\Users\Yaoqm\AppData\Local\Temp\EC_GOODS_PHONE_20260109_0001.json，检测编码：utf-8
[2026-01-10 09:16:18] [INFO] [src.file_service.file_handler] 成功加载JSON数组：oss://letwx/ai_network_data/EC_GOODS_PHONE_20260109_0001.json，记录数：30
[2026-01-10 09:16:19] [WARNING] [src.file_service.file_handler] OSS文件不存在：oss://letwx/ai_network_data/EC_GOODS_PHONE_20260109_0001.json.metadata.json
[2026-01-10 09:16:21] [INFO] [src.file_service.file_handler] 从OSS读取文件：oss://letwx/ai_network_data/EC_GOODS_PHONE_20260109_0001.metadata.json
[2026-01-10 09:16:22] [DEBUG] [src.file_service.file_handler] 文件编码检测：C:\Users\Yaoqm\AppData\Local\Temp\EC_GOODS_PHONE_20260109_0001.metadata.json，检测编码：utf-8
[2026-01-10 09:18:01] [INFO] [src.file_service.file_handler] 从OSS读取文件：oss://letwx/ai_network_data/EC_GOODS_PHONE_20260109_0001.json
[2026-01-10 09:18:02] [DEBUG] [src.file_service.file_handler] 文件编码检测：C:\Users\Yaoqm\AppData\Local\Temp\EC_GOODS_PHONE_20260109_0001.json，检测编码：utf-8
[2026-01-10 09:18:02] [INFO] [src.file_service.file_handler] 成功加载JSON数组：oss://letwx/ai_network_data/EC_GOODS_PHONE_20260109_0001.json，记录数：30
[2026-01-10 09:18:03] [WARNING] [src.file_service.file_handler] OSS文件不存在：oss://letwx/ai_network_data/EC_GOODS_PHONE_20260109_0001.json.metadata.json
[2026-01-10 09:18:05] [INFO] [src.file_service.file_handler] 从OSS读取文件：oss://letwx/ai_network_data/EC_GOODS_PHONE_20260109_0001.metadata.json
[2026-01-10 09:18:06] [DEBUG] [src.file_service.file_handler] 文件编码检测：C:\Users\Yaoqm\AppData\Local\Temp\EC_GOODS_PHONE_20260109_0001.metadata.json，检测编码：utf-8
[2026-01-10 09:24:59] [INFO] [src.file_service.file_handler] 从OSS读取文件：oss://letwx/ai_network_data/EC_GOODS_PHONE_20260109_0001.json
[2026-01-10 09:25:00] [DEBUG] [src.file_service.file_handler] 文件编码检测：C:\Users\Yaoqm\AppData\Local\Temp\EC_GOODS_PHONE_20260109_0001.json，检测编码：utf-8
[2026-01-10 09:25:00] [INFO] [src.file_service.file_handler] 成功加载JSON数组：oss://letwx/ai_network_data/EC_GOODS_PHONE_20260109_0001.json，记录数：30
[2026-01-10 09:25:01] [WARNING] [src.file_service.file_handler] OSS文件不存在：oss://letwx/ai_network_data/EC_GOODS_PHONE_20260109_0001.json.metadata.json
[2026-01-10 09:25:03] [INFO] [src.file_service.file_handler] 从OSS读取文件：oss://letwx/ai_network_data/EC_GOODS_PHONE_20260109_0001.metadata.json
[2026-01-10 09:25:04] [DEBUG] [src.file_service.file_handler] 文件编码检测：C:\Users\Yaoqm\AppData\Local\Temp\EC_GOODS_PHONE_20260109_0001.metadata.json，检测编码：utf-8
[2026-01-10 09:26:39] [INFO] [src.file_service.file_handler] 从OSS读取文件：oss://letwx/ai_network_data/EC_GOODS_PHONE_20260109_0001.json
[2026-01-10 09:26:40] [DEBUG] [src.file_service.file_handler] 文件编码检测：C:\Users\Yaoqm\AppData\Local\Temp\EC_GOODS_PHONE_20260109_0001.json，检测编码：utf-8
[2026-01-10 09:26:40] [INFO] [src.file_service.file_handler] 成功加载JSON数组：oss://letwx/ai_network_data/EC_GOODS_PHONE_20260109_0001.json，记录数：30
[2026-01-10 09:26:41] [WARNING] [src.file_service.file_handler] OSS文件不存在：oss://letwx/ai_network_data/EC_GOODS_PHONE_20260109_0001.json.metadata.json
[2026-01-10 09:26:43] [INFO] [src.file_service.file_handler] 从OSS读取文件：oss://letwx/ai_network_data/EC_GOODS_PHONE_20260109_0001.metadata.json
[2026-01-10 09:26:44] [DEBUG] [src.file_service.file_handler] 文件编码检测：C:\Users\Yaoqm\AppData\Local\Temp\EC_GOODS_PHONE_20260109_0001.metadata.json，检测编码：utf-8
[2026-01-10 09:28:25] [WARNING] [src.file_service.file_handler] OSS文件不存在：oss://letwx/ai_network_data/EC_GOODS_PHONE_20260109_0001.json.metadata.json
[2026-01-10 09:28:26] [INFO] [src.file_service.file_handler] 从OSS读取文件：oss://letwx/ai_network_data/EC_GOODS_PHONE_20260109_0001.metadata.json
[2026-01-10 09:28:27] [DEBUG] [src.file_service.file_handler] 文件编码检测：C:\Users\Yaoqm\AppData\Local\Temp\EC_GOODS_PHONE_20260109_0001.metadata.json，检测编码：utf-8
[2026-01-10 09:28:33] [INFO] [src.file_service.file_handler] 从OSS读取文件：oss://letwx/ai_network_data/EC_GOODS_PHONE_20260109_0001.json
[2026-01-10 09:28:34] [DEBUG] [src.file_service.file_handler] 文件编码检测：C:\Users\Yaoqm\AppData\Local\Temp\EC_GOODS_PHONE_20260109_0001.json，检测编码：utf-8
[2026-01-10 09:28:34] [INFO] [src.file_service.file_handler] 成功加载JSON数组：oss://letwx/ai_network_data/EC_GOODS_PHONE_20260109_0001.json，记录数：30
[2026-01-10 09:28:49] [INFO] [src.file_service.file_handler] 从OSS读取文件：oss://letwx/ai_network_data/EC_GOODS_PHONE_20260109_0001.json
[2026-01-10 09:28:50] [DEBUG] [src.file_service.file_handler] 文件编码检测：C:\Users\Yaoqm\AppData\Local\Temp\EC_GOODS_PHONE_20260109_0001.json，检测编码：utf-8
[2026-01-10 09:28:50] [INFO] [src.file_service.file_handler] 成功加载JSON数组：oss://letwx/ai_network_data/EC_GOODS_PHONE_20260109_0001.json，记录数：30
[2026-01-10 09:28:51] [WARNING] [src.file_service.file_handler] OSS文件不存在：oss://letwx/ai_network_data/EC_GOODS_PHONE_20260109_0001.json.metadata.json
[2026-01-10 09:28:53] [INFO] [src.file_service.file_handler] 从OSS读取文件：oss://letwx/ai_network_data/EC_GOODS_PHONE_20260109_0001.metadata.json
[2026-01-10 09:28:54] [DEBUG] [src.file_service.file_handler] 文件编码检测：C:\Users\Yaoqm\AppData\Local\Temp\EC_GOODS_PHONE_20260109_0001.metadata.json，检测编码：utf-8
[2026-01-10 09:29:30] [INFO] [src.file_service.file_handler] 从OSS读取文件：oss://letwx/ai_network_data/EC_GOODS_PHONE_20260109_0001.json
[2026-01-10 09:29:31] [DEBUG] [src.file_service.file_handler] 文件编码检测：C:\Users\Yaoqm\AppData\Local\Temp\EC_GOODS_PHONE_20260109_0001.json，检测编码：utf-8
[2026-01-10 09:29:31] [INFO] [src.file_service.file_handler] 成功加载JSON数组：oss://letwx/ai_network_data/EC_GOODS_PHONE_20260109_0001.json，记录数：30
[2026-01-10 09:29:32] [WARNING] [src.file_service.file_handler] OSS文件不存在：oss://letwx/ai_network_data/EC_GOODS_PHONE_20260109_0001.json.metadata.json
[2026-01-10 09:29:34] [INFO] [src.file_service.file_handler] 从OSS读取文件：oss://letwx/ai_network_data/EC_GOODS_PHONE_20260109_0001.metadata.json
[2026-01-10 09:29:35] [DEBUG] [src.file_service.file_handler] 文件编码检测：C:\Users\Yaoqm\AppData\Local\Temp\EC_GOODS_PHONE_20260109_0001.metadata.json，检测编码：utf-8
[2026-01-10 09:33:42] [INFO] [src.file_service.file_handler] 从OSS读取文件：oss://letwx/ai_network_data/EC_GOODS_PHONE_20260109_0001.json
[2026-01-10 09:33:43] [DEBUG] [src.file_service.file_handler] 文件编码检测：C:\Users\Yaoqm\AppData\Local\Temp\EC_GOODS_PHONE_20260109_0001.json，检测编码：utf-8
[2026-01-10 09:33:43] [INFO] [src.file_service.file_handler] 成功加载JSON数组：oss://letwx/ai_network_data/EC_GOODS_PHONE_20260109_0001.json，记录数：30
[2026-01-10 09:33:44] [WARNING] [src.file_service.file_handler] OSS文件不存在：oss://letwx/ai_network_data/EC_GOODS_PHONE_20260109_0001.json.metadata.json
[2026-01-10 09:33:46] [INFO] [src.file_service.file_handler] 从OSS读取文件：oss://letwx/ai_network_data/EC_GOODS_PHONE_20260109_0001.metadata.json
[2026-01-10 09:33:47] [DEBUG] [src.file_service.file_handler] 文件编码检测：C:\Users\Yaoqm\AppData\Local\Temp\EC_GOODS_PHONE_20260109_0001.metadata.json，检测编码：utf-8
[2026-01-10 09:34:09] [INFO] [src.file_service.file_handler] 从OSS读取文件：oss://letwx/ai_network_data/EC_GOODS_PHONE_20260109_0001.json
[2026-01-10 09:34:10] [DEBUG] [src.file_service.file_handler] 文件编码检测：C:\Users\Yaoqm\AppData\Local\Temp\EC_GOODS_PHONE_20260109_0001.json，检测编码：utf-8
[2026-01-10 09:34:10] [INFO] [src.file_service.file_handler] 成功加载JSON数组：oss://letwx/ai_network_data/EC_GOODS_PHONE_20260109_0001.json，记录数：30
[2026-01-10 09:34:11] [WARNING] [src.file_service.file_handler] OSS文件不存在：oss://letwx/ai_network_data/EC_GOODS_PHONE_20260109_0001.json.metadata.json
[2026-01-10 09:34:13] [INFO] [src.file_service.file_handler] 从OSS读取文件：oss://letwx/ai_network_data/EC_GOODS_PHONE_20260109_0001.metadata.json
[2026-01-10 09:34:14] [DEBUG] [src.file_service.file_handler] 文件编码检测：C:\Users\Yaoqm\AppData\Local\Temp\EC_GOODS_PHONE_20260109_0001.metadata.json，检测编码：utf-8
[2026-01-11 13:20:01] [DEBUG] [src.file_service.file_handler] 文件编码检测：data/temp/EC_GOODS_PHONE_20260109_0001.json，检测编码：utf-8
[2026-01-11 13:20:01] [INFO] [src.file_service.file_handler] 成功加载JSON数组：data/temp/EC_GOODS_PHONE_20260109_0001.json，记录数：30
[2026-01-11 13:20:01] [WARNING] [src.file_service.file_handler] 文件不存在：data/temp/EC_GOODS_PHONE_20260109_0001.json.metadata.json
[2026-01-11 13:20:01] [DEBUG] [src.file_service.file_handler] 文件编码检测：data/temp/EC_GOODS_PHONE_20260109_0001.metadata.json，检测编码：utf-8
[2026-01-11 13:20:21] [DEBUG] [src.file_service.file_handler] 文件编码检测：data/temp/EC_GOODS_PHONE_20260109_0001.json，检测编码：utf-8
[2026-01-11 13:20:21] [INFO] [src.file_service.file_handler] 成功加载JSON数组：data/temp/EC_GOODS_PHONE_20260109_0001.json，记录数：30
[2026-01-11 13:20:21] [WARNING] [src.file_service.file_handler] 文件不存在：data/temp/EC_GOODS_PHONE_20260109_0001.json.metadata.json
[2026-01-11 13:20:21] [DEBUG] [src.file_service.file_handler] 文件编码检测：data/temp/EC_GOODS_PHONE_20260109_0001.metadata.json，检测编码：utf-8
[2026-01-11 13:20:37] [DEBUG] [src.file_service.file_handler] 文件编码检测：data/temp/EC_GOODS_PHONE_20260109_0001.json，检测编码：utf-8
[2026-01-11 13:20:37] [INFO] [src.file_service.file_handler] 成功加载JSON数组：data/temp/EC_GOODS_PHONE_20260109_0001.json，记录数：30
[2026-01-11 13:20:37] [WARNING] [src.file_service.file_handler] 文件不存在：data/temp/EC_GOODS_PHONE_20260109_0001.json.metadata.json
[2026-01-11 13:20:37] [DEBUG] [src.file_service.file_handler] 文件编码检测：data/temp/EC_GOODS_PHONE_20260109_0001.metadata.json，检测编码：utf-8
[2026-01-11 13:21:00] [DEBUG] [src.file_service.file_handler] 文件编码检测：data/temp/EC_GOODS_PHONE_20260109_0001.json，检测编码：utf-8
[2026-01-11 13:21:00] [INFO] [src.file_service.file_handler] 成功加载JSON数组：data/temp/EC_GOODS_PHONE_20260109_0001.json，记录数：30
[2026-01-11 13:21:00] [WARNING] [src.file_service.file_handler] 文件不存在：data/temp/EC_GOODS_PHONE_20260109_0001.json.metadata.json
[2026-01-11 13:21:00] [DEBUG] [src.file_service.file_handler] 文件编码检测：data/temp/EC_GOODS_PHONE_20260109_0001.metadata.json，检测编码：utf-8
[2026-01-12 09:03:15] [DEBUG] [src.file_service.file_handler] 文件编码检测：data/temp/EC_GOODS_PHONE_20260109_0001.json，检测编码：utf-8
[2026-01-12 09:03:15] [INFO] [src.file_service.file_handler] 成功加载JSON数组：data/temp/EC_GOODS_PHONE_20260109_0001.json，记录数：60
[2026-01-12 09:03:15] [WARNING] [src.file_service.file_handler] 文件不存在：data/temp/EC_GOODS_PHONE_20260109_0001.json.metadata.json
[2026-01-12 09:03:15] [DEBUG] [src.file_service.file_handler] 文件编码检测：data/temp/EC_GOODS_PHONE_20260109_0001.metadata.json，检测编码：utf-8
[2026-01-12 09:08:08] [DEBUG] [src.file_service.file_handler] 文件编码检测：data/temp/EC_GOODS_PHONE_20260109_0001.json，检测编码：utf-8
[2026-01-12 09:08:08] [INFO] [src.file_service.file_handler] 成功加载JSON数组：data/temp/EC_GOODS_PHONE_20260109_0001.json，记录数：140
[2026-01-12 09:08:08] [WARNING] [src.file_service.file_handler] 文件不存在：data/temp/EC_GOODS_PHONE_20260109_0001.json.metadata.json
[2026-01-12 09:08:08] [DEBUG] [src.file_service.file_handler] 文件编码检测：data/temp/EC_GOODS_PHONE_20260109_0001.metadata.json，检测编码：utf-8
[2026-01-12 09:08:57] [DEBUG] [src.file_service.file_handler] 文件编码检测：data/temp/EC_GOODS_PHONE_20260109_0001.json，检测编码：utf-8
[2026-01-12 09:08:57] [INFO] [src.file_service.file_handler] 成功加载JSON数组：data/temp/EC_GOODS_PHONE_20260109_0001.json，记录数：140
[2026-01-12 09:08:57] [WARNING] [src.file_service.file_handler] 文件不存在：data/temp/EC_GOODS_PHONE_20260109_0001.json.metadata.json
[2026-01-12 09:08:57] [DEBUG] [src.file_service.file_handler] 文件编码检测：data/temp/EC_GOODS_PHONE_20260109_0001.metadata.json，检测编码：utf-8
[2026-01-12 09:09:24] [DEBUG] [src.file_service.file_handler] 文件编码检测：data/temp/EC_GOODS_PHONE_20260109_0001.json，检测编码：utf-8
[2026-01-12 09:09:24] [INFO] [src.file_service.file_handler] 成功加载JSON数组：data/temp/EC_GOODS_PHONE_20260109_0001.json，记录数：97
[2026-01-12 09:09:24] [WARNING] [src.file_service.file_handler] 文件不存在：data/temp/EC_GOODS_PHONE_20260109_0001.json.metadata.json
[2026-01-12 09:09:24] [DEBUG] [src.file_service.file_handler] 文件编码检测：data/temp/EC_GOODS_PHONE_20260109_0001.metadata.json，检测编码：utf-8
[2026-01-12 09:09:41] [DEBUG] [src.file_service.file_handler] 文件编码检测：data/temp/EC_GOODS_PHONE_20260109_0001.json，检测编码：utf-8
[2026-01-12 09:09:41] [INFO] [src.file_service.file_handler] 成功加载JSON数组：data/temp/EC_GOODS_PHONE_20260109_0001.json，记录数：97
[2026-01-12 09:09:41] [WARNING] [src.file_service.file_handler] 文件不存在：data/temp/EC_GOODS_PHONE_20260109_0001.json.metadata.json
[2026-01-12 09:09:41] [DEBUG] [src.file_service.file_handler] 文件编码检测：data/temp/EC_GOODS_PHONE_20260109_0001.metadata.json，检测编码：utf-8
[2026-01-12 09:23:02] [DEBUG] [src.file_service.file_handler] 文件编码检测：data/temp/EC_GOODS_PHONE_20260109_0001.json，检测编码：utf-8
[2026-01-12 09:23:02] [INFO] [src.file_service.file_handler] 成功加载JSON数组：data/temp/EC_GOODS_PHONE_20260109_0001.json，记录数：97
[2026-01-12 09:23:02] [WARNING] [src.file_service.file_handler] 文件不存在：data/temp/EC_GOODS_PHONE_20260109_0001.json.metadata.json
[2026-01-12 09:23:02] [DEBUG] [src.file_service.file_handler] 文件编码检测：data/temp/EC_GOODS_PHONE_20260109_0001.metadata.json，检测编码：utf-8
[2026-01-12 09:48:52] [DEBUG] [src.file_service.file_handler] 文件编码检测：data/temp/test_pass1.json，检测编码：utf-8
[2026-01-12 09:48:52] [INFO] [src.file_service.file_handler] 成功加载JSON数组：data/temp/test_pass1.json，记录数：1
[2026-01-12 09:48:52] [WARNING] [src.file_service.file_handler] 文件不存在：data/temp/test_pass1.json.metadata.json
[2026-01-12 09:48:52] [DEBUG] [src.file_service.file_handler] 文件编码检测：data/temp/test_pass1.metadata.json，检测编码：utf-8
[2026-01-12 09:48:52] [DEBUG] [src.file_service.file_handler] 文件编码检测：data/temp/test_pass2.json，检测编码：utf-8
[2026-01-12 09:48:52] [INFO] [src.file_service.file_handler] 成功加载JSON数组：data/temp/test_pass2.json，记录数：3
[2026-01-12 09:48:52] [WARNING] [src.file_service.file_handler] 文件不存在：data/temp/test_pass2.json.metadata.json
[2026-01-12 09:48:52] [DEBUG] [src.file_service.file_handler] 文件编码检测：data/temp/test_pass2.metadata.json，检测编码：utf-8
[2026-01-12 09:49:07] [DEBUG] [src.file_service.file_handler] 文件编码检测：data/temp/test_pass1.json，检测编码：utf-8
[2026-01-12 09:49:07] [INFO] [src.file_service.file_handler] 成功加载JSON数组：data/temp/test_pass1.json，记录数：1
[2026-01-12 09:49:07] [WARNING] [src.file_service.file_handler] 文件不存在：data/temp/test_pass1.json.metadata.json
[2026-01-12 09:49:07] [DEBUG] [src.file_service.file_handler] 文件编码检测：data/temp/test_pass1.metadata.json，检测编码：utf-8
[2026-01-12 09:49:08] [DEBUG] [src.file_service.file_handler] 文件编码检测：data/temp/test_pass2.json，检测编码：utf-8
[2026-01-12 09:49:08] [INFO] [src.file_service.file_handler] 成功加载JSON数组：data/temp/test_pass2.json，记录数：3
[2026-01-12 09:49:08] [WARNING] [src.file_service.file_handler] 文件不存在：data/temp/test_pass2.json.metadata.json
[2026-01-12 09:49:08] [DEBUG] [src.file_service.file_handler] 文件编码检测：data/temp/test_pass2.metadata.json，检测编码：utf-8
[2026-01-12 09:49:19] [DEBUG] [src.file_service.file_handler] 文件编码检测：data/temp/test_pass1.json，检测编码：utf-8
[2026-01-12 09:49:19] [INFO] [src.file_service.file_handler] 成功加载JSON数组：data/temp/test_pass1.json，记录数：1
[2026-01-12 09:49:19] [WARNING] [src.file_service.file_handler] 文件不存在：data/temp/test_pass1.json.metadata.json
[2026-01-12 09:49:19] [DEBUG] [src.file_service.file_handler] 文件编码检测：data/temp/test_pass1.metadata.json，检测编码：utf-8
[2026-01-12 09:49:20] [DEBUG] [src.file_service.file_handler] 文件编码检测：data/temp/test_pass2.json，检测编码：utf-8
[2026-01-12 09:49:20] [INFO] [src.file_service.file_handler] 成功加载JSON数组：data/temp/test_pass2.json，记录数：3
[2026-01-12 09:49:20] [WARNING] [src.file_service.file_handler] 文件不存在：data/temp/test_pass2.json.metadata.json
[2026-01-12 09:49:20] [DEBUG] [src.file_service.file_handler] 文件编码检测：data/temp/test_pass2.metadata.json，检测编码：utf-8
[2026-01-12 09:49:31] [DEBUG] [src.file_service.file_handler] 文件编码检测：data/temp/test_pass1.json，检测编码：utf-8
[2026-01-12 09:49:31] [INFO] [src.file_service.file_handler] 成功加载JSON数组：data/temp/test_pass1.json，记录数：1
[2026-01-12 09:49:31] [WARNING] [src.file_service.file_handler] 文件不存在：data/temp/test_pass1.json.metadata.json
[2026-01-12 09:49:31] [DEBUG] [src.file_service.file_handler] 文件编码检测：data/temp/test_pass1.metadata.json，检测编码：utf-8
[2026-01-12 09:49:45] [DEBUG] [src.file_service.file_handler] 文件编码检测：data/temp/test_pass1.json，检测编码：utf-8
[2026-01-12 09:49:45] [INFO] [src.file_service.file_handler] 成功加载JSON数组：data/temp/test_pass1.json，记录数：1
[2026-01-12 09:49:45] [WARNING] [src.file_service.file_handler] 文件不存在：data/temp/test_pass1.json.metadata.json
[2026-01-12 09:49:45] [DEBUG] [src.file_service.file_handler] 文件编码检测：data/temp/test_pass1.metadata.json，检测编码：utf-8
[2026-01-12 09:49:46] [DEBUG] [src.file_service.file_handler] 文件编码检测：data/temp/test_pass2.json，检测编码：utf-8
[2026-01-12 09:49:46] [INFO] [src.file_service.file_handler] 成功加载JSON数组：data/temp/test_pass2.json，记录数：3
[2026-01-12 09:49:46] [WARNING] [src.file_service.file_handler] 文件不存在：data/temp/test_pass2.json.metadata.json
[2026-01-12 09:49:46] [DEBUG] [src.file_service.file_handler] 文件编码检测：data/temp/test_pass2.metadata.json，检测编码：utf-8
[2026-01-12 09:56:29] [INFO] [src.file_service.file_handler] 从OSS读取文件：oss://letwx/ai_network_data/EC_GOODS_PHONE_20260109_0001.json
[2026-01-12 09:56:30] [DEBUG] [src.file_service.file_handler] 文件编码检测：C:\Users\Yaoqm\AppData\Local\Temp\EC_GOODS_PHONE_20260109_0001.json，检测编码：utf-8
[2026-01-12 09:56:30] [INFO] [src.file_service.file_handler] 成功加载JSON数组：oss://letwx/ai_network_data/EC_GOODS_PHONE_20260109_0001.json，记录数：106
[2026-01-12 09:56:31] [WARNING] [src.file_service.file_handler] OSS文件不存在：oss://letwx/ai_network_data/EC_GOODS_PHONE_20260109_0001.json.metadata.json
[2026-01-12 10:03:18] [INFO] [src.file_service.file_handler] 从OSS读取文件：oss://letwx/ai_network_data/EC_GOODS_PHONE_20260109_0001.json
[2026-01-12 10:03:19] [DEBUG] [src.file_service.file_handler] 文件编码检测：C:\Users\Yaoqm\AppData\Local\Temp\EC_GOODS_PHONE_20260109_0001.json，检测编码：utf-8
[2026-01-12 10:03:19] [INFO] [src.file_service.file_handler] 成功加载JSON数组：oss://letwx/ai_network_data/EC_GOODS_PHONE_20260109_0001.json，记录数：106
[2026-01-12 10:03:20] [WARNING] [src.file_service.file_handler] OSS文件不存在：oss://letwx/ai_network_data/EC_GOODS_PHONE_20260109_0001.json.metadata.json
[2026-01-12 10:03:22] [INFO] [src.file_service.file_handler] 从OSS读取文件：oss://letwx/ai_network_data/EC_GOODS_PHONE_20260109_0001.metadata.json
[2026-01-12 10:03:23] [DEBUG] [src.file_service.file_handler] 文件编码检测：C:\Users\Yaoqm\AppData\Local\Temp\EC_GOODS_PHONE_20260109_0001.metadata.json，检测编码：utf-8
